[000563] 2026-08-22 23:59:24 - DEBUG - /home/runner/work/ghapi-action/ghapi-action/arxiv/xhs.py:27 - read hf-papers file-lock.json
[000570] 2026-08-22 23:59:24 - DEBUG - /home/runner/work/ghapi-action/ghapi-action/arxiv/xhs.py:32 - total hf-papers size: 124
[000572] 2026-08-22 23:59:24 - DEBUG - /home/runner/work/ghapi-action/ghapi-action/arxiv/xhs.py:89 - top-1[141]: https://arxiv.org/pdf/2606.29526
[000572] 2026-08-22 23:59:24 - DEBUG - /home/runner/work/ghapi-action/ghapi-action/arxiv/xhs.py:89 - top-2[141]: https://arxiv.org/pdf/2606.29526
[000572] 2026-08-22 23:59:24 - DEBUG - /home/runner/work/ghapi-action/ghapi-action/arxiv/xhs.py:89 - top-3[072]: https://arxiv.org/pdf/2607.06291
[000572] 2026-08-22 23:59:24 - DEBUG - /home/runner/work/ghapi-action/ghapi-action/arxiv/xhs.py:89 - top-4[072]: https://arxiv.org/pdf/2607.06559
[000572] 2026-08-22 23:59:24 - DEBUG - /home/runner/work/ghapi-action/ghapi-action/arxiv/xhs.py:89 - top-5[071]: https://arxiv.org/pdf/2607.07708
[000572] 2026-08-22 23:59:24 - DEBUG - /home/runner/work/ghapi-action/ghapi-action/arxiv/xhs.py:89 - top-6[067]: https://arxiv.org/pdf/2607.06558
[000572] 2026-08-22 23:59:24 - DEBUG - /home/runner/work/ghapi-action/ghapi-action/arxiv/xhs.py:89 - top-7[064]: https://arxiv.org/pdf/2607.04033
[000572] 2026-08-22 23:59:24 - DEBUG - /home/runner/work/ghapi-action/ghapi-action/arxiv/xhs.py:89 - top-8[062]: https://arxiv.org/pdf/2607.04425
[000573] 2026-08-22 23:59:24 - DEBUG - /home/runner/work/ghapi-action/ghapi-action/arxiv/xhs.py:137 - chrome path: /usr/bin/google-chrome
[000573] 2026-08-22 23:59:24 - DEBUG - /home/runner/work/ghapi-action/ghapi-action/arxiv/xhs.py:233 - start to publish.
[000653] 2026-08-22 23:59:24 - DEBUG - /home/runner/work/ghapi-action/ghapi-action/arxiv/xhs.py:18 - ip: 57.154.5.240
[000904] 2026-08-22 23:59:25 - DEBUG - /home/runner/work/ghapi-action/ghapi-action/arxiv/xhs.py:199 - launch chrome
[000905] 2026-08-22 23:59:25 - DEBUG - /home/runner/work/ghapi-action/ghapi-action/arxiv/xhs.py:200 - create new context
[002006] 2026-08-22 23:59:26 - DEBUG - /home/runner/work/ghapi-action/ghapi-action/arxiv/xhs.py:212 - cookies size: 15
[002026] 2026-08-22 23:59:26 - DEBUG - /home/runner/work/ghapi-action/ghapi-action/arxiv/xhs.py:218 - create new browser page
[002113] 2026-08-22 23:59:26 - DEBUG - /home/runner/work/ghapi-action/ghapi-action/arxiv/xhs.py:151 - goto home
[002148] 2026-08-22 23:59:26 - DEBUG - /home/runner/work/ghapi-action/ghapi-action/arxiv/xhs.py:145 - GET: https://creator.xiaohongshu.com/creator/home
[002829] 2026-08-22 23:59:26 - DEBUG - /home/runner/work/ghapi-action/ghapi-action/arxiv/xhs.py:148 - [200]: https://creator.xiaohongshu.com/creator/home
[002857] 2026-08-22 23:59:26 - DEBUG - /home/runner/work/ghapi-action/ghapi-action/arxiv/xhs.py:145 - GET: https://fe-static.xhscdn.com/formula-static/ugc/public/resource/js/bundler-runtime.e315323c.js
[002859] 2026-08-22 23:59:27 - DEBUG - /home/runner/work/ghapi-action/ghapi-action/arxiv/xhs.py:145 - GET: https://fe-static.xhscdn.com/formula-static/ugc/public/resource/js/library-delight.6420c4ba.js
[002859] 2026-08-22 23:59:27 - DEBUG - /home/runner/work/ghapi-action/ghapi-action/arxiv/xhs.py:145 - GET: https://fe-static.xhscdn.com/formula-static/ugc/public/resource/js/library-polyfill.5acd82b7.js
[002859] 2026-08-22 23:59:27 - DEBUG - /home/runner/work/ghapi-action/ghapi-action/arxiv/xhs.py:145 - GET: https://fe-static.xhscdn.com/formula-static/ugc/public/resource/js/project-publish-vue.5ce88e12.js
[002860] 2026-08-22 23:59:27 - DEBUG - /home/runner/work/ghapi-action/ghapi-action/arxiv/xhs.py:145 - GET: https://fe-static.xhscdn.com/formula-static/ugc/public/resource/js/library-yam-beer.6845c36a.js
[002860] 2026-08-22 23:59:27 - DEBUG - /home/runner/work/ghapi-action/ghapi-action/arxiv/xhs.py:145 - GET: https://fe-static.xhscdn.com/formula-static/ugc/public/resource/js/library-element-plus.0e947d2e.js
[002860] 2026-08-22 23:59:27 - DEBUG - /home/runner/work/ghapi-action/ghapi-action/arxiv/xhs.py:145 - GET: https://fe-static.xhscdn.com/formula-static/ugc/public/resource/js/library-launcher.5748c5d0.js
[002864] 2026-08-22 23:59:27 - DEBUG - /home/runner/work/ghapi-action/ghapi-action/arxiv/xhs.py:145 - GET: https://fe-static.xhscdn.com/formula-static/ugc/public/resource/js/library-lodash.06d5a372.js
[002864] 2026-08-22 23:59:27 - DEBUG - /home/runner/work/ghapi-action/ghapi-action/arxiv/xhs.py:145 - GET: https://fe-static.xhscdn.com/formula-static/ugc/public/resource/js/project-publish-components.55b7ee08.js
[002865] 2026-08-22 23:59:27 - DEBUG - /home/runner/work/ghapi-action/ghapi-action/arxiv/xhs.py:145 - GET: https://fe-static.xhscdn.com/formula-static/ugc/public/resource/js/library-axios.8cd8627b.js
[002865] 2026-08-22 23:59:27 - DEBUG - /home/runner/work/ghapi-action/ghapi-action/arxiv/xhs.py:145 - GET: https://fe-static.xhscdn.com/formula-static/ugc/public/resource/js/library-vue.59e58ffe.js
[002865] 2026-08-22 23:59:27 - DEBUG - /home/runner/work/ghapi-action/ghapi-action/arxiv/xhs.py:145 - GET: https://fe-static.xhscdn.com/formula-static/ugc/public/resource/js/library-zeus-engine.1cc8bc98.js
[002865] 2026-08-22 23:59:27 - DEBUG - /home/runner/work/ghapi-action/ghapi-action/arxiv/xhs.py:145 - GET: https://fe-static.xhscdn.com/formula-static/ugc/public/resource/js/library-protobuf.9e28229e.js
[002865] 2026-08-22 23:59:27 - DEBUG - /home/runner/work/ghapi-action/ghapi-action/arxiv/xhs.py:145 - GET: https://fe-static.xhscdn.com/formula-static/ugc/public/resource/js/library-cos-sdk.46bfb0c0.js
[002867] 2026-08-22 23:59:27 - DEBUG - /home/runner/work/ghapi-action/ghapi-action/arxiv/xhs.py:145 - GET: https://fe-static.xhscdn.com/formula-static/ugc/public/resource/js/library-swiper.7ce41414.js
[002868] 2026-08-22 23:59:27 - DEBUG - /home/runner/work/ghapi-action/ghapi-action/arxiv/xhs.py:145 - GET: https://fe-static.xhscdn.com/formula-static/ugc/public/resource/js/library-onnxruntime.e27065b2.js
[002868] 2026-08-22 23:59:27 - DEBUG - /home/runner/work/ghapi-action/ghapi-action/arxiv/xhs.py:145 - GET: https://fe-static.xhscdn.com/formula-static/ugc/public/resource/js/library-draggable.05ec9c12.js
[002868] 2026-08-22 23:59:27 - DEBUG - /home/runner/work/ghapi-action/ghapi-action/arxiv/xhs.py:145 - GET: https://fe-static.xhscdn.com/formula-static/ugc/public/resource/js/library-shepherd.f8c40c1b.js
[002868] 2026-08-22 23:59:27 - DEBUG - /home/runner/work/ghapi-action/ghapi-action/arxiv/xhs.py:145 - GET: https://fe-static.xhscdn.com/formula-static/ugc/public/resource/js/library-dexie.e46fcb39.js
[002868] 2026-08-22 23:59:27 - DEBUG - /home/runner/work/ghapi-action/ghapi-action/arxiv/xhs.py:145 - GET: https://fe-static.xhscdn.com/formula-static/ugc/public/resource/js/library-cropper.18277c8a.js
[002869] 2026-08-22 23:59:27 - DEBUG - /home/runner/work/ghapi-action/ghapi-action/arxiv/xhs.py:145 - GET: https://fe-static.xhscdn.com/formula-static/ugc/public/resource/js/mp4box.72e273e0.js
[002869] 2026-08-22 23:59:27 - DEBUG - /home/runner/work/ghapi-action/ghapi-action/arxiv/xhs.py:145 - GET: https://fe-static.xhscdn.com/formula-static/ugc/public/resource/js/9920.8d623d6d.js
[002895] 2026-08-22 23:59:27 - DEBUG - /home/runner/work/ghapi-action/ghapi-action/arxiv/xhs.py:145 - GET: https://fe-static.xhscdn.com/formula-static/ugc/public/resource/js/index.f45cec13.js
[002895] 2026-08-22 23:59:27 - DEBUG - /home/runner/work/ghapi-action/ghapi-action/arxiv/xhs.py:145 - GET: https://fe-static.xhscdn.com/formula-static/ugc/public/resource/css/library-delight.bbfacb54.css
[002895] 2026-08-22 23:59:27 - DEBUG - /home/runner/work/ghapi-action/ghapi-action/arxiv/xhs.py:145 - GET: https://fe-static.xhscdn.com/formula-static/ugc/public/resource/css/project-publish-vue.30deeb15.css
[002895] 2026-08-22 23:59:27 - DEBUG - /home/runner/work/ghapi-action/ghapi-action/arxiv/xhs.py:145 - GET: https://fe-static.xhscdn.com/formula-static/ugc/public/resource/css/library-element-plus.12a8b6d7.css
[002896] 2026-08-22 23:59:27 - DEBUG - /home/runner/work/ghapi-action/ghapi-action/arxiv/xhs.py:145 - GET: https://fe-static.xhscdn.com/formula-static/ugc/public/resource/css/library-launcher.d1f5fad0.css
[002896] 2026-08-22 23:59:27 - DEBUG - /home/runner/work/ghapi-action/ghapi-action/arxiv/xhs.py:145 - GET: https://fe-static.xhscdn.com/formula-static/ugc/public/resource/css/project-publish-components.f31cccc0.css
[002896] 2026-08-22 23:59:27 - DEBUG - /home/runner/work/ghapi-action/ghapi-action/arxiv/xhs.py:145 - GET: https://fe-static.xhscdn.com/formula-static/ugc/public/resource/css/library-swiper.fb30ae03.css
[002896] 2026-08-22 23:59:27 - DEBUG - /home/runner/work/ghapi-action/ghapi-action/arxiv/xhs.py:145 - GET: https://fe-static.xhscdn.com/formula-static/ugc/public/resource/css/library-shepherd.4752e570.css
[002896] 2026-08-22 23:59:27 - DEBUG - /home/runner/work/ghapi-action/ghapi-action/arxiv/xhs.py:145 - GET: https://fe-static.xhscdn.com/formula-static/ugc/public/resource/css/library-cropper.90fe89d2.css
[002896] 2026-08-22 23:59:27 - DEBUG - /home/runner/work/ghapi-action/ghapi-action/arxiv/xhs.py:145 - GET: https://fe-static.xhscdn.com/formula-static/ugc/public/resource/css/9920.9f3e9ae5.css
[002896] 2026-08-22 23:59:27 - DEBUG - /home/runner/work/ghapi-action/ghapi-action/arxiv/xhs.py:145 - GET: https://fe-static.xhscdn.com/formula-static/ugc/public/resource/css/index.b445a040.css
[002897] 2026-08-22 23:59:27 - DEBUG - /home/runner/work/ghapi-action/ghapi-action/arxiv/xhs.py:148 - [200]: https://fe-static.xhscdn.com/formula-static/ugc/public/resource/css/project-publish-components.f31cccc0.css
[002897] 2026-08-22 23:59:27 - DEBUG - /home/runner/work/ghapi-action/ghapi-action/arxiv/xhs.py:148 - [200]: https://fe-static.xhscdn.com/formula-static/ugc/public/resource/css/library-swiper.fb30ae03.css
[002897] 2026-08-22 23:59:27 - DEBUG - /home/runner/work/ghapi-action/ghapi-action/arxiv/xhs.py:148 - [200]: https://fe-static.xhscdn.com/formula-static/ugc/public/resource/css/index.b445a040.css
[003036] 2026-08-22 23:59:27 - DEBUG - /home/runner/work/ghapi-action/ghapi-action/arxiv/xhs.py:148 - [200]: https://fe-static.xhscdn.com/formula-static/ugc/public/resource/css/library-delight.bbfacb54.css
[003037] 2026-08-22 23:59:27 - DEBUG - /home/runner/work/ghapi-action/ghapi-action/arxiv/xhs.py:148 - [200]: https://fe-static.xhscdn.com/formula-static/ugc/public/resource/css/project-publish-vue.30deeb15.css
[003048] 2026-08-22 23:59:27 - DEBUG - /home/runner/work/ghapi-action/ghapi-action/arxiv/xhs.py:148 - [200]: https://fe-static.xhscdn.com/formula-static/ugc/public/resource/css/library-cropper.90fe89d2.css
[003049] 2026-08-22 23:59:27 - DEBUG - /home/runner/work/ghapi-action/ghapi-action/arxiv/xhs.py:148 - [200]: https://fe-static.xhscdn.com/formula-static/ugc/public/resource/css/library-shepherd.4752e570.css
[003049] 2026-08-22 23:59:27 - DEBUG - /home/runner/work/ghapi-action/ghapi-action/arxiv/xhs.py:148 - [200]: https://fe-static.xhscdn.com/formula-static/ugc/public/resource/css/library-launcher.d1f5fad0.css
[003056] 2026-08-22 23:59:27 - DEBUG - /home/runner/work/ghapi-action/ghapi-action/arxiv/xhs.py:148 - [200]: https://fe-static.xhscdn.com/formula-static/ugc/public/resource/css/library-element-plus.12a8b6d7.css
[003117] 2026-08-22 23:59:27 - DEBUG - /home/runner/work/ghapi-action/ghapi-action/arxiv/xhs.py:148 - [200]: https://fe-static.xhscdn.com/formula-static/ugc/public/resource/css/9920.9f3e9ae5.css
[003152] 2026-08-22 23:59:27 - DEBUG - /home/runner/work/ghapi-action/ghapi-action/arxiv/xhs.py:148 - [200]: https://fe-static.xhscdn.com/formula-static/ugc/public/resource/js/library-element-plus.0e947d2e.js
[003194] 2026-08-22 23:59:27 - DEBUG - /home/runner/work/ghapi-action/ghapi-action/arxiv/xhs.py:148 - [200]: https://fe-static.xhscdn.com/formula-static/ugc/public/resource/js/bundler-runtime.e315323c.js
[003231] 2026-08-22 23:59:27 - DEBUG - /home/runner/work/ghapi-action/ghapi-action/arxiv/xhs.py:148 - [200]: https://fe-static.xhscdn.com/formula-static/ugc/public/resource/js/library-lodash.06d5a372.js
[003232] 2026-08-22 23:59:27 - DEBUG - /home/runner/work/ghapi-action/ghapi-action/arxiv/xhs.py:148 - [200]: https://fe-static.xhscdn.com/formula-static/ugc/public/resource/js/project-publish-components.55b7ee08.js
[003236] 2026-08-22 23:59:27 - DEBUG - /home/runner/work/ghapi-action/ghapi-action/arxiv/xhs.py:148 - [200]: https://fe-static.xhscdn.com/formula-static/ugc/public/resource/js/library-polyfill.5acd82b7.js
[003236] 2026-08-22 23:59:27 - DEBUG - /home/runner/work/ghapi-action/ghapi-action/arxiv/xhs.py:148 - [200]: https://fe-static.xhscdn.com/formula-static/ugc/public/resource/js/library-yam-beer.6845c36a.js
[003240] 2026-08-22 23:59:27 - DEBUG - /home/runner/work/ghapi-action/ghapi-action/arxiv/xhs.py:148 - [200]: https://fe-static.xhscdn.com/formula-static/ugc/public/resource/js/library-shepherd.f8c40c1b.js
[003240] 2026-08-22 23:59:27 - DEBUG - /home/runner/work/ghapi-action/ghapi-action/arxiv/xhs.py:148 - [200]: https://fe-static.xhscdn.com/formula-static/ugc/public/resource/js/library-cropper.18277c8a.js
[003246] 2026-08-22 23:59:27 - DEBUG - /home/runner/work/ghapi-action/ghapi-action/arxiv/xhs.py:148 - [200]: https://fe-static.xhscdn.com/formula-static/ugc/public/resource/js/library-swiper.7ce41414.js
[003355] 2026-08-22 23:59:27 - DEBUG - /home/runner/work/ghapi-action/ghapi-action/arxiv/xhs.py:148 - [200]: https://fe-static.xhscdn.com/formula-static/ugc/public/resource/js/library-launcher.5748c5d0.js
[003370] 2026-08-22 23:59:27 - DEBUG - /home/runner/work/ghapi-action/ghapi-action/arxiv/xhs.py:148 - [200]: https://fe-static.xhscdn.com/formula-static/ugc/public/resource/js/library-protobuf.9e28229e.js
[003447] 2026-08-22 23:59:27 - DEBUG - /home/runner/work/ghapi-action/ghapi-action/arxiv/xhs.py:148 - [200]: https://fe-static.xhscdn.com/formula-static/ugc/public/resource/js/library-axios.8cd8627b.js
[003447] 2026-08-22 23:59:27 - DEBUG - /home/runner/work/ghapi-action/ghapi-action/arxiv/xhs.py:148 - [200]: https://fe-static.xhscdn.com/formula-static/ugc/public/resource/js/library-cos-sdk.46bfb0c0.js
[003450] 2026-08-22 23:59:27 - DEBUG - /home/runner/work/ghapi-action/ghapi-action/arxiv/xhs.py:148 - [200]: https://fe-static.xhscdn.com/formula-static/ugc/public/resource/js/library-dexie.e46fcb39.js
[003468] 2026-08-22 23:59:27 - DEBUG - /home/runner/work/ghapi-action/ghapi-action/arxiv/xhs.py:148 - [200]: https://fe-static.xhscdn.com/formula-static/ugc/public/resource/js/library-draggable.05ec9c12.js
[003469] 2026-08-22 23:59:27 - DEBUG - /home/runner/work/ghapi-action/ghapi-action/arxiv/xhs.py:148 - [200]: https://fe-static.xhscdn.com/formula-static/ugc/public/resource/js/mp4box.72e273e0.js
[003469] 2026-08-22 23:59:27 - DEBUG - /home/runner/work/ghapi-action/ghapi-action/arxiv/xhs.py:148 - [200]: https://fe-static.xhscdn.com/formula-static/ugc/public/resource/js/library-delight.6420c4ba.js
[003473] 2026-08-22 23:59:27 - DEBUG - /home/runner/work/ghapi-action/ghapi-action/arxiv/xhs.py:148 - [200]: https://fe-static.xhscdn.com/formula-static/ugc/public/resource/js/project-publish-vue.5ce88e12.js
[003473] 2026-08-22 23:59:27 - DEBUG - /home/runner/work/ghapi-action/ghapi-action/arxiv/xhs.py:148 - [200]: https://fe-static.xhscdn.com/formula-static/ugc/public/resource/js/library-zeus-engine.1cc8bc98.js
[003474] 2026-08-22 23:59:27 - DEBUG - /home/runner/work/ghapi-action/ghapi-action/arxiv/xhs.py:148 - [200]: https://fe-static.xhscdn.com/formula-static/ugc/public/resource/js/index.f45cec13.js
[003474] 2026-08-22 23:59:27 - DEBUG - /home/runner/work/ghapi-action/ghapi-action/arxiv/xhs.py:148 - [200]: https://fe-static.xhscdn.com/formula-static/ugc/public/resource/js/library-vue.59e58ffe.js
[003482] 2026-08-22 23:59:27 - DEBUG - /home/runner/work/ghapi-action/ghapi-action/arxiv/xhs.py:148 - [200]: https://fe-static.xhscdn.com/formula-static/ugc/public/resource/js/library-onnxruntime.e27065b2.js
[003482] 2026-08-22 23:59:27 - DEBUG - /home/runner/work/ghapi-action/ghapi-action/arxiv/xhs.py:148 - [200]: https://fe-static.xhscdn.com/formula-static/ugc/public/resource/js/9920.8d623d6d.js
[003960] 2026-08-22 23:59:28 - DEBUG - /home/runner/work/ghapi-action/ghapi-action/arxiv/xhs.py:145 - GET: https://fe-video-qc.xhscdn.com/fe-platform-file/104101b831udegmhb2q06chlqrg9000000000018ckkuf4.js
[003961] 2026-08-22 23:59:28 - DEBUG - /home/runner/work/ghapi-action/ghapi-action/arxiv/xhs.py:145 - GET: https://fe-static.xhscdn.com/formula-static/ugc/public/resource/image/delete.1d1c19d7.png
[003962] 2026-08-22 23:59:28 - DEBUG - /home/runner/work/ghapi-action/ghapi-action/arxiv/xhs.py:145 - GET: https://fe-static.xhscdn.com/formula-static/ugc/public/resource/image/rotate.b15866a9.png
[003963] 2026-08-22 23:59:28 - DEBUG - /home/runner/work/ghapi-action/ghapi-action/arxiv/xhs.py:145 - GET: https://fe-static.xhscdn.com/formula-static/ugc/public/resource/image/copy.8d6a3751.png
[003963] 2026-08-22 23:59:28 - DEBUG - /home/runner/work/ghapi-action/ghapi-action/arxiv/xhs.py:145 - GET: https://fe-static.xhscdn.com/formula-static/ugc/public/resource/image/plus.d6c322bd.png
[003963] 2026-08-22 23:59:28 - DEBUG - /home/runner/work/ghapi-action/ghapi-action/arxiv/xhs.py:145 - GET: https://fe-static.xhscdn.com/formula-static/ugc/public/resource/js/async/1517.598998f7.js
[003966] 2026-08-22 23:59:28 - DEBUG - /home/runner/work/ghapi-action/ghapi-action/arxiv/xhs.py:145 - POST: https://as.xiaohongshu.com/api/p/pj
[003966] 2026-08-22 23:59:28 - DEBUG - /home/runner/work/ghapi-action/ghapi-action/arxiv/xhs.py:145 - POST: https://as.xiaohongshu.com/api/sec/v1/scripting
[003968] 2026-08-22 23:59:28 - DEBUG - /home/runner/work/ghapi-action/ghapi-action/arxiv/xhs.py:148 - [200]: https://fe-static.xhscdn.com/formula-static/ugc/public/resource/image/delete.1d1c19d7.png
[003969] 2026-08-22 23:59:28 - DEBUG - /home/runner/work/ghapi-action/ghapi-action/arxiv/xhs.py:148 - [200]: https://fe-static.xhscdn.com/formula-static/ugc/public/resource/image/rotate.b15866a9.png
[003971] 2026-08-22 23:59:28 - DEBUG - /home/runner/work/ghapi-action/ghapi-action/arxiv/xhs.py:148 - [200]: https://fe-static.xhscdn.com/formula-static/ugc/public/resource/image/copy.8d6a3751.png
[003972] 2026-08-22 23:59:28 - DEBUG - /home/runner/work/ghapi-action/ghapi-action/arxiv/xhs.py:148 - [200]: https://fe-static.xhscdn.com/formula-static/ugc/public/resource/image/plus.d6c322bd.png
[003975] 2026-08-22 23:59:28 - DEBUG - /home/runner/work/ghapi-action/ghapi-action/arxiv/xhs.py:148 - [200]: https://fe-video-qc.xhscdn.com/fe-platform-file/104101b831udegmhb2q06chlqrg9000000000018ckkuf4.js
[003979] 2026-08-22 23:59:28 - DEBUG - /home/runner/work/ghapi-action/ghapi-action/arxiv/xhs.py:148 - [200]: https://fe-static.xhscdn.com/formula-static/ugc/public/resource/js/async/1517.598998f7.js
[004156] 2026-08-22 23:59:28 - DEBUG - /home/runner/work/ghapi-action/ghapi-action/arxiv/xhs.py:145 - POST: https://apm-fe.xiaohongshu.com/api/data
[004157] 2026-08-22 23:59:28 - DEBUG - /home/runner/work/ghapi-action/ghapi-action/arxiv/xhs.py:145 - POST: https://apm-fe.xiaohongshu.com/api/data
[004159] 2026-08-22 23:59:28 - DEBUG - /home/runner/work/ghapi-action/ghapi-action/arxiv/xhs.py:145 - POST: https://apm-fe.xiaohongshu.com/api/data
[004160] 2026-08-22 23:59:28 - DEBUG - /home/runner/work/ghapi-action/ghapi-action/arxiv/xhs.py:145 - POST: https://apm-fe.xiaohongshu.com/api/data
[004162] 2026-08-22 23:59:28 - DEBUG - /home/runner/work/ghapi-action/ghapi-action/arxiv/xhs.py:145 - POST: https://apm-fe.xiaohongshu.com/api/data
[004163] 2026-08-22 23:59:28 - DEBUG - /home/runner/work/ghapi-action/ghapi-action/arxiv/xhs.py:145 - POST: https://apm-fe.xiaohongshu.com/api/data
[004164] 2026-08-22 23:59:28 - DEBUG - /home/runner/work/ghapi-action/ghapi-action/arxiv/xhs.py:145 - POST: https://apm-fe.xiaohongshu.com/api/data
[004164] 2026-08-22 23:59:28 - DEBUG - /home/runner/work/ghapi-action/ghapi-action/arxiv/xhs.py:145 - POST: https://apm-fe.xiaohongshu.com/api/data
[004166] 2026-08-22 23:59:28 - DEBUG - /home/runner/work/ghapi-action/ghapi-action/arxiv/xhs.py:153 - 小红书创作服务平台
[004166] 2026-08-22 23:59:28 - DEBUG - /home/runner/work/ghapi-action/ghapi-action/arxiv/xhs.py:156 - <Locator frame=<Frame name= url='https://creator.xiaohongshu.com/creator/home'> selector='internal:text="\\u53d1\\u5e03\\u7b14\\u8bb0"s'>
[004166] 2026-08-22 23:59:28 - DEBUG - /home/runner/work/ghapi-action/ghapi-action/arxiv/xhs.py:167 - prepare to publish 2606.29526
[005079] 2026-08-22 23:59:29 - DEBUG - /home/runner/work/ghapi-action/ghapi-action/arxiv/xhs.py:148 - [200]: https://apm-fe.xiaohongshu.com/api/data
[005082] 2026-08-22 23:59:29 - DEBUG - /home/runner/work/ghapi-action/ghapi-action/arxiv/xhs.py:148 - [200]: https://apm-fe.xiaohongshu.com/api/data
[005198] 2026-08-22 23:59:29 - DEBUG - /home/runner/work/ghapi-action/ghapi-action/arxiv/xhs.py:148 - [200]: https://as.xiaohongshu.com/api/p/pj
[005290] 2026-08-22 23:59:29 - DEBUG - /home/runner/work/ghapi-action/ghapi-action/arxiv/xhs.py:148 - [200]: https://apm-fe.xiaohongshu.com/api/data
[005292] 2026-08-22 23:59:29 - DEBUG - /home/runner/work/ghapi-action/ghapi-action/arxiv/xhs.py:148 - [200]: https://apm-fe.xiaohongshu.com/api/data
[005296] 2026-08-22 23:59:29 - DEBUG - /home/runner/work/ghapi-action/ghapi-action/arxiv/xhs.py:148 - [200]: https://apm-fe.xiaohongshu.com/api/data
[005298] 2026-08-22 23:59:29 - DEBUG - /home/runner/work/ghapi-action/ghapi-action/arxiv/xhs.py:148 - [200]: https://apm-fe.xiaohongshu.com/api/data
[005299] 2026-08-22 23:59:29 - DEBUG - /home/runner/work/ghapi-action/ghapi-action/arxiv/xhs.py:148 - [200]: https://apm-fe.xiaohongshu.com/api/data
[005300] 2026-08-22 23:59:29 - DEBUG - /home/runner/work/ghapi-action/ghapi-action/arxiv/xhs.py:148 - [200]: https://apm-fe.xiaohongshu.com/api/data
[005412] 2026-08-22 23:59:29 - DEBUG - /home/runner/work/ghapi-action/ghapi-action/arxiv/xhs.py:148 - [200]: https://as.xiaohongshu.com/api/sec/v1/scripting
[005641] 2026-08-22 23:59:29 - DEBUG - /home/runner/work/ghapi-action/ghapi-action/arxiv/xhs.py:145 - POST: https://apm-fe.xiaohongshu.com/api/data
[005698] 2026-08-22 23:59:29 - DEBUG - /home/runner/work/ghapi-action/ghapi-action/arxiv/xhs.py:145 - POST: https://as.xiaohongshu.com/api/sec/v1/sbtsource
[005717] 2026-08-22 23:59:29 - DEBUG - /home/runner/work/ghapi-action/ghapi-action/arxiv/xhs.py:145 - GET: https://creator.xiaohongshu.com/api/galaxy/user/info
[005757] 2026-08-22 23:59:29 - DEBUG - /home/runner/work/ghapi-action/ghapi-action/arxiv/xhs.py:145 - POST: https://edith.xiaohongshu.com/api/redcaptcha/v2/getconfig
[005860] 2026-08-22 23:59:30 - DEBUG - /home/runner/work/ghapi-action/ghapi-action/arxiv/xhs.py:148 - [200]: https://apm-fe.xiaohongshu.com/api/data
[005946] 2026-08-22 23:59:30 - DEBUG - /home/runner/work/ghapi-action/ghapi-action/arxiv/xhs.py:148 - [401]: https://creator.xiaohongshu.com/api/galaxy/user/info
[005952] 2026-08-22 23:59:30 - DEBUG - /home/runner/work/ghapi-action/ghapi-action/arxiv/xhs.py:145 - GET: https://creator.xiaohongshu.com/login?source=&redirectReason=401&lastUrl=%252Fcreator%252Fhome
[005954] 2026-08-22 23:59:30 - DEBUG - /home/runner/work/ghapi-action/ghapi-action/arxiv/xhs.py:145 - GET: https://fe-static.xhscdn.com/formula-static/ugc/public/resource/js/async/6026.aa379e87.js
[005954] 2026-08-22 23:59:30 - DEBUG - /home/runner/work/ghapi-action/ghapi-action/arxiv/xhs.py:145 - GET: https://fe-static.xhscdn.com/formula-static/ugc/public/resource/css/async/6119.4ca2f639.css
[005955] 2026-08-22 23:59:30 - DEBUG - /home/runner/work/ghapi-action/ghapi-action/arxiv/xhs.py:145 - GET: https://fe-static.xhscdn.com/formula-static/ugc/public/resource/js/async/6119.180b2cd7.js
[005955] 2026-08-22 23:59:30 - DEBUG - /home/runner/work/ghapi-action/ghapi-action/arxiv/xhs.py:145 - GET: https://fe-static.xhscdn.com/formula-static/ugc/public/resource/css/async/8831.398662f3.css
[005957] 2026-08-22 23:59:30 - DEBUG - /home/runner/work/ghapi-action/ghapi-action/arxiv/xhs.py:145 - GET: https://fe-static.xhscdn.com/formula-static/ugc/public/resource/js/async/8831.351917f5.js
[005957] 2026-08-22 23:59:30 - DEBUG - /home/runner/work/ghapi-action/ghapi-action/arxiv/xhs.py:145 - POST: https://apm-fe.xiaohongshu.com/api/data
[005988] 2026-08-22 23:59:30 - DEBUG - /home/runner/work/ghapi-action/ghapi-action/arxiv/xhs.py:148 - [200]: https://fe-static.xhscdn.com/formula-static/ugc/public/resource/css/async/6119.4ca2f639.css
[005993] 2026-08-22 23:59:30 - DEBUG - /home/runner/work/ghapi-action/ghapi-action/arxiv/xhs.py:148 - [200]: https://fe-static.xhscdn.com/formula-static/ugc/public/resource/js/async/6119.180b2cd7.js
[005994] 2026-08-22 23:59:30 - DEBUG - /home/runner/work/ghapi-action/ghapi-action/arxiv/xhs.py:148 - [200]: https://fe-static.xhscdn.com/formula-static/ugc/public/resource/js/async/6026.aa379e87.js
[005999] 2026-08-22 23:59:30 - DEBUG - /home/runner/work/ghapi-action/ghapi-action/arxiv/xhs.py:148 - [200]: https://fe-static.xhscdn.com/formula-static/ugc/public/resource/css/async/8831.398662f3.css
[006001] 2026-08-22 23:59:30 - DEBUG - /home/runner/work/ghapi-action/ghapi-action/arxiv/xhs.py:148 - [200]: https://fe-static.xhscdn.com/formula-static/ugc/public/resource/js/async/8831.351917f5.js
[006120] 2026-08-22 23:59:30 - DEBUG - /home/runner/work/ghapi-action/ghapi-action/arxiv/xhs.py:145 - GET: https://fe-static.xhscdn.com/formula-static/ugc/public/resource/image/background.bb565efc.png
[006125] 2026-08-22 23:59:30 - DEBUG - /home/runner/work/ghapi-action/ghapi-action/arxiv/xhs.py:145 - GET: https://customer.xiaohongshu.com/api/cas/customer/web/zones?service=https:%2F%2Fcreator.xiaohongshu.com
[006125] 2026-08-22 23:59:30 - DEBUG - /home/runner/work/ghapi-action/ghapi-action/arxiv/xhs.py:145 - POST: https://customer.xiaohongshu.com/api/cas/customer/web/service-ticket
[006128] 2026-08-22 23:59:30 - DEBUG - /home/runner/work/ghapi-action/ghapi-action/arxiv/xhs.py:148 - [200]: https://fe-static.xhscdn.com/formula-static/ugc/public/resource/image/background.bb565efc.png
[006158] 2026-08-22 23:59:30 - DEBUG - /home/runner/work/ghapi-action/ghapi-action/arxiv/xhs.py:145 - POST: https://apm-fe.xiaohongshu.com/api/data
[006184] 2026-08-22 23:59:30 - DEBUG - /home/runner/work/ghapi-action/ghapi-action/arxiv/xhs.py:148 - [200]: https://creator.xiaohongshu.com/login?source=&redirectReason=401&lastUrl=%252Fcreator%252Fhome
[006444] 2026-08-22 23:59:30 - DEBUG - /home/runner/work/ghapi-action/ghapi-action/arxiv/xhs.py:145 - GET: https://fe-static.xhscdn.com/formula-static/ugc/public/resource/js/bundler-runtime.e315323c.js
[006444] 2026-08-22 23:59:30 - DEBUG - /home/runner/work/ghapi-action/ghapi-action/arxiv/xhs.py:148 - [200]: https://fe-static.xhscdn.com/formula-static/ugc/public/resource/js/bundler-runtime.e315323c.js
[006444] 2026-08-22 23:59:30 - DEBUG - /home/runner/work/ghapi-action/ghapi-action/arxiv/xhs.py:145 - GET: https://fe-static.xhscdn.com/formula-static/ugc/public/resource/js/library-delight.6420c4ba.js
[006445] 2026-08-22 23:59:30 - DEBUG - /home/runner/work/ghapi-action/ghapi-action/arxiv/xhs.py:148 - [200]: https://fe-static.xhscdn.com/formula-static/ugc/public/resource/js/library-delight.6420c4ba.js
[006448] 2026-08-22 23:59:30 - DEBUG - /home/runner/work/ghapi-action/ghapi-action/arxiv/xhs.py:145 - GET: https://fe-static.xhscdn.com/formula-static/ugc/public/resource/js/library-polyfill.5acd82b7.js
[006453] 2026-08-22 23:59:30 - DEBUG - /home/runner/work/ghapi-action/ghapi-action/arxiv/xhs.py:145 - GET: https://fe-static.xhscdn.com/formula-static/ugc/public/resource/js/project-publish-vue.5ce88e12.js
[006453] 2026-08-22 23:59:30 - DEBUG - /home/runner/work/ghapi-action/ghapi-action/arxiv/xhs.py:148 - [200]: https://fe-static.xhscdn.com/formula-static/ugc/public/resource/js/project-publish-vue.5ce88e12.js
[006453] 2026-08-22 23:59:30 - DEBUG - /home/runner/work/ghapi-action/ghapi-action/arxiv/xhs.py:145 - GET: https://fe-static.xhscdn.com/formula-static/ugc/public/resource/js/library-yam-beer.6845c36a.js
[006456] 2026-08-22 23:59:30 - DEBUG - /home/runner/work/ghapi-action/ghapi-action/arxiv/xhs.py:148 - [200]: https://fe-static.xhscdn.com/formula-static/ugc/public/resource/js/library-yam-beer.6845c36a.js
[006457] 2026-08-22 23:59:30 - DEBUG - /home/runner/work/ghapi-action/ghapi-action/arxiv/xhs.py:145 - GET: https://fe-static.xhscdn.com/formula-static/ugc/public/resource/js/library-element-plus.0e947d2e.js
[006457] 2026-08-22 23:59:30 - DEBUG - /home/runner/work/ghapi-action/ghapi-action/arxiv/xhs.py:148 - [200]: https://fe-static.xhscdn.com/formula-static/ugc/public/resource/js/library-element-plus.0e947d2e.js
[006457] 2026-08-22 23:59:30 - DEBUG - /home/runner/work/ghapi-action/ghapi-action/arxiv/xhs.py:145 - GET: https://fe-static.xhscdn.com/formula-static/ugc/public/resource/js/library-launcher.5748c5d0.js
[006461] 2026-08-22 23:59:30 - DEBUG - /home/runner/work/ghapi-action/ghapi-action/arxiv/xhs.py:148 - [200]: https://fe-static.xhscdn.com/formula-static/ugc/public/resource/js/library-launcher.5748c5d0.js
[006461] 2026-08-22 23:59:30 - DEBUG - /home/runner/work/ghapi-action/ghapi-action/arxiv/xhs.py:145 - GET: https://fe-static.xhscdn.com/formula-static/ugc/public/resource/js/library-lodash.06d5a372.js
[006461] 2026-08-22 23:59:30 - DEBUG - /home/runner/work/ghapi-action/ghapi-action/arxiv/xhs.py:145 - GET: https://fe-static.xhscdn.com/formula-static/ugc/public/resource/js/project-publish-components.55b7ee08.js
[006461] 2026-08-22 23:59:30 - DEBUG - /home/runner/work/ghapi-action/ghapi-action/arxiv/xhs.py:148 - [200]: https://fe-static.xhscdn.com/formula-static/ugc/public/resource/js/project-publish-components.55b7ee08.js
[006462] 2026-08-22 23:59:30 - DEBUG - /home/runner/work/ghapi-action/ghapi-action/arxiv/xhs.py:145 - GET: https://fe-static.xhscdn.com/formula-static/ugc/public/resource/js/library-axios.8cd8627b.js
[006462] 2026-08-22 23:59:30 - DEBUG - /home/runner/work/ghapi-action/ghapi-action/arxiv/xhs.py:145 - GET: https://fe-static.xhscdn.com/formula-static/ugc/public/resource/js/library-vue.59e58ffe.js
[006463] 2026-08-22 23:59:30 - DEBUG - /home/runner/work/ghapi-action/ghapi-action/arxiv/xhs.py:145 - GET: https://fe-static.xhscdn.com/formula-static/ugc/public/resource/js/library-zeus-engine.1cc8bc98.js
[006463] 2026-08-22 23:59:30 - DEBUG - /home/runner/work/ghapi-action/ghapi-action/arxiv/xhs.py:145 - GET: https://fe-static.xhscdn.com/formula-static/ugc/public/resource/js/library-protobuf.9e28229e.js
[006463] 2026-08-22 23:59:30 - DEBUG - /home/runner/work/ghapi-action/ghapi-action/arxiv/xhs.py:148 - [200]: https://fe-static.xhscdn.com/formula-static/ugc/public/resource/js/library-protobuf.9e28229e.js
[006463] 2026-08-22 23:59:30 - DEBUG - /home/runner/work/ghapi-action/ghapi-action/arxiv/xhs.py:145 - GET: https://fe-static.xhscdn.com/formula-static/ugc/public/resource/js/library-cos-sdk.46bfb0c0.js
[006464] 2026-08-22 23:59:30 - DEBUG - /home/runner/work/ghapi-action/ghapi-action/arxiv/xhs.py:145 - GET: https://fe-static.xhscdn.com/formula-static/ugc/public/resource/js/library-swiper.7ce41414.js
[006464] 2026-08-22 23:59:30 - DEBUG - /home/runner/work/ghapi-action/ghapi-action/arxiv/xhs.py:148 - [200]: https://fe-static.xhscdn.com/formula-static/ugc/public/resource/js/library-swiper.7ce41414.js
[006464] 2026-08-22 23:59:30 - DEBUG - /home/runner/work/ghapi-action/ghapi-action/arxiv/xhs.py:145 - GET: https://fe-static.xhscdn.com/formula-static/ugc/public/resource/js/library-onnxruntime.e27065b2.js
[006465] 2026-08-22 23:59:30 - DEBUG - /home/runner/work/ghapi-action/ghapi-action/arxiv/xhs.py:145 - GET: https://fe-static.xhscdn.com/formula-static/ugc/public/resource/js/library-draggable.05ec9c12.js
[006465] 2026-08-22 23:59:30 - DEBUG - /home/runner/work/ghapi-action/ghapi-action/arxiv/xhs.py:145 - GET: https://fe-static.xhscdn.com/formula-static/ugc/public/resource/js/library-shepherd.f8c40c1b.js
[006465] 2026-08-22 23:59:30 - DEBUG - /home/runner/work/ghapi-action/ghapi-action/arxiv/xhs.py:148 - [200]: https://fe-static.xhscdn.com/formula-static/ugc/public/resource/js/library-shepherd.f8c40c1b.js
[006466] 2026-08-22 23:59:30 - DEBUG - /home/runner/work/ghapi-action/ghapi-action/arxiv/xhs.py:145 - GET: https://fe-static.xhscdn.com/formula-static/ugc/public/resource/js/library-dexie.e46fcb39.js
[006466] 2026-08-22 23:59:30 - DEBUG - /home/runner/work/ghapi-action/ghapi-action/arxiv/xhs.py:145 - GET: https://fe-static.xhscdn.com/formula-static/ugc/public/resource/js/library-cropper.18277c8a.js
[006466] 2026-08-22 23:59:30 - DEBUG - /home/runner/work/ghapi-action/ghapi-action/arxiv/xhs.py:148 - [200]: https://fe-static.xhscdn.com/formula-static/ugc/public/resource/js/library-cropper.18277c8a.js
[006466] 2026-08-22 23:59:30 - DEBUG - /home/runner/work/ghapi-action/ghapi-action/arxiv/xhs.py:145 - GET: https://fe-static.xhscdn.com/formula-static/ugc/public/resource/js/mp4box.72e273e0.js
[006466] 2026-08-22 23:59:30 - DEBUG - /home/runner/work/ghapi-action/ghapi-action/arxiv/xhs.py:145 - GET: https://fe-static.xhscdn.com/formula-static/ugc/public/resource/js/9920.8d623d6d.js
[006467] 2026-08-22 23:59:30 - DEBUG - /home/runner/work/ghapi-action/ghapi-action/arxiv/xhs.py:148 - [200]: https://fe-static.xhscdn.com/formula-static/ugc/public/resource/js/9920.8d623d6d.js
[006467] 2026-08-22 23:59:30 - DEBUG - /home/runner/work/ghapi-action/ghapi-action/arxiv/xhs.py:145 - GET: https://fe-static.xhscdn.com/formula-static/ugc/public/resource/js/index.f45cec13.js
[006467] 2026-08-22 23:59:30 - DEBUG - /home/runner/work/ghapi-action/ghapi-action/arxiv/xhs.py:148 - [200]: https://fe-static.xhscdn.com/formula-static/ugc/public/resource/js/index.f45cec13.js
[006467] 2026-08-22 23:59:30 - DEBUG - /home/runner/work/ghapi-action/ghapi-action/arxiv/xhs.py:145 - GET: https://fe-static.xhscdn.com/formula-static/ugc/public/resource/css/library-delight.bbfacb54.css
[006468] 2026-08-22 23:59:30 - DEBUG - /home/runner/work/ghapi-action/ghapi-action/arxiv/xhs.py:145 - GET: https://fe-static.xhscdn.com/formula-static/ugc/public/resource/css/project-publish-vue.30deeb15.css
[006468] 2026-08-22 23:59:30 - DEBUG - /home/runner/work/ghapi-action/ghapi-action/arxiv/xhs.py:148 - [200]: https://fe-static.xhscdn.com/formula-static/ugc/public/resource/css/project-publish-vue.30deeb15.css
[006469] 2026-08-22 23:59:30 - DEBUG - /home/runner/work/ghapi-action/ghapi-action/arxiv/xhs.py:145 - GET: https://fe-static.xhscdn.com/formula-static/ugc/public/resource/css/library-element-plus.12a8b6d7.css
[006469] 2026-08-22 23:59:30 - DEBUG - /home/runner/work/ghapi-action/ghapi-action/arxiv/xhs.py:145 - GET: https://fe-static.xhscdn.com/formula-static/ugc/public/resource/css/library-launcher.d1f5fad0.css
[006469] 2026-08-22 23:59:30 - DEBUG - /home/runner/work/ghapi-action/ghapi-action/arxiv/xhs.py:145 - GET: https://fe-static.xhscdn.com/formula-static/ugc/public/resource/css/project-publish-components.f31cccc0.css
[006470] 2026-08-22 23:59:30 - DEBUG - /home/runner/work/ghapi-action/ghapi-action/arxiv/xhs.py:148 - [200]: https://fe-static.xhscdn.com/formula-static/ugc/public/resource/css/project-publish-components.f31cccc0.css
[006471] 2026-08-22 23:59:30 - DEBUG - /home/runner/work/ghapi-action/ghapi-action/arxiv/xhs.py:145 - GET: https://fe-static.xhscdn.com/formula-static/ugc/public/resource/css/library-swiper.fb30ae03.css
[006471] 2026-08-22 23:59:30 - DEBUG - /home/runner/work/ghapi-action/ghapi-action/arxiv/xhs.py:148 - [200]: https://fe-static.xhscdn.com/formula-static/ugc/public/resource/css/library-swiper.fb30ae03.css
[006471] 2026-08-22 23:59:30 - DEBUG - /home/runner/work/ghapi-action/ghapi-action/arxiv/xhs.py:145 - GET: https://fe-static.xhscdn.com/formula-static/ugc/public/resource/css/library-shepherd.4752e570.css
[006471] 2026-08-22 23:59:30 - DEBUG - /home/runner/work/ghapi-action/ghapi-action/arxiv/xhs.py:145 - GET: https://fe-static.xhscdn.com/formula-static/ugc/public/resource/css/library-cropper.90fe89d2.css
[006472] 2026-08-22 23:59:30 - DEBUG - /home/runner/work/ghapi-action/ghapi-action/arxiv/xhs.py:145 - GET: https://fe-static.xhscdn.com/formula-static/ugc/public/resource/css/9920.9f3e9ae5.css
[006476] 2026-08-22 23:59:30 - DEBUG - /home/runner/work/ghapi-action/ghapi-action/arxiv/xhs.py:148 - [200]: https://fe-static.xhscdn.com/formula-static/ugc/public/resource/css/9920.9f3e9ae5.css
[006476] 2026-08-22 23:59:30 - DEBUG - /home/runner/work/ghapi-action/ghapi-action/arxiv/xhs.py:145 - GET: https://fe-static.xhscdn.com/formula-static/ugc/public/resource/css/index.b445a040.css
[006477] 2026-08-22 23:59:30 - DEBUG - /home/runner/work/ghapi-action/ghapi-action/arxiv/xhs.py:148 - [200]: https://fe-static.xhscdn.com/formula-static/ugc/public/resource/css/index.b445a040.css
[006511] 2026-08-22 23:59:30 - DEBUG - /home/runner/work/ghapi-action/ghapi-action/arxiv/xhs.py:148 - [200]: https://fe-static.xhscdn.com/formula-static/ugc/public/resource/css/library-element-plus.12a8b6d7.css
[006512] 2026-08-22 23:59:30 - DEBUG - /home/runner/work/ghapi-action/ghapi-action/arxiv/xhs.py:148 - [200]: https://fe-static.xhscdn.com/formula-static/ugc/public/resource/css/library-launcher.d1f5fad0.css
[006514] 2026-08-22 23:59:30 - DEBUG - /home/runner/work/ghapi-action/ghapi-action/arxiv/xhs.py:148 - [200]: https://fe-static.xhscdn.com/formula-static/ugc/public/resource/css/library-shepherd.4752e570.css
[006536] 2026-08-22 23:59:30 - DEBUG - /home/runner/work/ghapi-action/ghapi-action/arxiv/xhs.py:148 - [200]: https://fe-static.xhscdn.com/formula-static/ugc/public/resource/css/library-delight.bbfacb54.css
[006544] 2026-08-22 23:59:30 - DEBUG - /home/runner/work/ghapi-action/ghapi-action/arxiv/xhs.py:148 - [200]: https://fe-static.xhscdn.com/formula-static/ugc/public/resource/css/library-cropper.90fe89d2.css
[006544] 2026-08-22 23:59:30 - DEBUG - /home/runner/work/ghapi-action/ghapi-action/arxiv/xhs.py:148 - [200]: https://fe-static.xhscdn.com/formula-static/ugc/public/resource/js/library-polyfill.5acd82b7.js
[006547] 2026-08-22 23:59:30 - DEBUG - /home/runner/work/ghapi-action/ghapi-action/arxiv/xhs.py:148 - [200]: https://fe-static.xhscdn.com/formula-static/ugc/public/resource/js/library-lodash.06d5a372.js
[006547] 2026-08-22 23:59:30 - DEBUG - /home/runner/work/ghapi-action/ghapi-action/arxiv/xhs.py:148 - [200]: https://fe-static.xhscdn.com/formula-static/ugc/public/resource/js/library-axios.8cd8627b.js
[006548] 2026-08-22 23:59:30 - DEBUG - /home/runner/work/ghapi-action/ghapi-action/arxiv/xhs.py:148 - [200]: https://fe-static.xhscdn.com/formula-static/ugc/public/resource/js/library-vue.59e58ffe.js
[006596] 2026-08-22 23:59:30 - DEBUG - /home/runner/work/ghapi-action/ghapi-action/arxiv/xhs.py:148 - [200]: https://fe-static.xhscdn.com/formula-static/ugc/public/resource/js/library-draggable.05ec9c12.js
[006596] 2026-08-22 23:59:30 - DEBUG - /home/runner/work/ghapi-action/ghapi-action/arxiv/xhs.py:148 - [200]: https://fe-static.xhscdn.com/formula-static/ugc/public/resource/js/library-zeus-engine.1cc8bc98.js
[006602] 2026-08-22 23:59:30 - DEBUG - /home/runner/work/ghapi-action/ghapi-action/arxiv/xhs.py:148 - [200]: https://fe-static.xhscdn.com/formula-static/ugc/public/resource/js/library-cos-sdk.46bfb0c0.js
[006606] 2026-08-22 23:59:30 - DEBUG - /home/runner/work/ghapi-action/ghapi-action/arxiv/xhs.py:148 - [200]: https://fe-static.xhscdn.com/formula-static/ugc/public/resource/js/library-dexie.e46fcb39.js
[006609] 2026-08-22 23:59:30 - DEBUG - /home/runner/work/ghapi-action/ghapi-action/arxiv/xhs.py:148 - [200]: https://fe-static.xhscdn.com/formula-static/ugc/public/resource/js/mp4box.72e273e0.js
[006611] 2026-08-22 23:59:30 - DEBUG - /home/runner/work/ghapi-action/ghapi-action/arxiv/xhs.py:148 - [200]: https://fe-static.xhscdn.com/formula-static/ugc/public/resource/js/library-onnxruntime.e27065b2.js
[006854] 2026-08-22 23:59:30 - DEBUG - /home/runner/work/ghapi-action/ghapi-action/arxiv/xhs.py:145 - GET: https://fe-static.xhscdn.com/formula-static/ugc/public/resource/image/delete.1d1c19d7.png
[006855] 2026-08-22 23:59:30 - DEBUG - /home/runner/work/ghapi-action/ghapi-action/arxiv/xhs.py:148 - [200]: https://fe-static.xhscdn.com/formula-static/ugc/public/resource/image/delete.1d1c19d7.png
[006855] 2026-08-22 23:59:30 - DEBUG - /home/runner/work/ghapi-action/ghapi-action/arxiv/xhs.py:145 - GET: https://fe-static.xhscdn.com/formula-static/ugc/public/resource/image/rotate.b15866a9.png
[006855] 2026-08-22 23:59:30 - DEBUG - /home/runner/work/ghapi-action/ghapi-action/arxiv/xhs.py:148 - [200]: https://fe-static.xhscdn.com/formula-static/ugc/public/resource/image/rotate.b15866a9.png
[006860] 2026-08-22 23:59:31 - DEBUG - /home/runner/work/ghapi-action/ghapi-action/arxiv/xhs.py:145 - GET: https://fe-static.xhscdn.com/formula-static/ugc/public/resource/image/copy.8d6a3751.png
[006860] 2026-08-22 23:59:31 - DEBUG - /home/runner/work/ghapi-action/ghapi-action/arxiv/xhs.py:148 - [200]: https://fe-static.xhscdn.com/formula-static/ugc/public/resource/image/copy.8d6a3751.png
[006860] 2026-08-22 23:59:31 - DEBUG - /home/runner/work/ghapi-action/ghapi-action/arxiv/xhs.py:145 - GET: https://fe-static.xhscdn.com/formula-static/ugc/public/resource/image/plus.d6c322bd.png
[006861] 2026-08-22 23:59:31 - DEBUG - /home/runner/work/ghapi-action/ghapi-action/arxiv/xhs.py:148 - [200]: https://fe-static.xhscdn.com/formula-static/ugc/public/resource/image/plus.d6c322bd.png
[006861] 2026-08-22 23:59:31 - DEBUG - /home/runner/work/ghapi-action/ghapi-action/arxiv/xhs.py:145 - GET: https://fe-video-qc.xhscdn.com/fe-platform-file/104101b831udegmhb2q06chlqrg9000000000018ckkuf4.js
[006861] 2026-08-22 23:59:31 - DEBUG - /home/runner/work/ghapi-action/ghapi-action/arxiv/xhs.py:145 - GET: https://fe-static.xhscdn.com/formula-static/ugc/public/resource/js/async/1517.598998f7.js
[006861] 2026-08-22 23:59:31 - DEBUG - /home/runner/work/ghapi-action/ghapi-action/arxiv/xhs.py:145 - POST: https://as.xiaohongshu.com/api/p/pj
[006871] 2026-08-22 23:59:31 - DEBUG - /home/runner/work/ghapi-action/ghapi-action/arxiv/xhs.py:145 - POST: https://edith.xiaohongshu.com/api/redcaptcha/v2/getconfig
[006908] 2026-08-22 23:59:31 - DEBUG - /home/runner/work/ghapi-action/ghapi-action/arxiv/xhs.py:145 - POST: https://as.xiaohongshu.com/api/sec/v1/scripting
[006908] 2026-08-22 23:59:31 - DEBUG - /home/runner/work/ghapi-action/ghapi-action/arxiv/xhs.py:145 - POST: https://as.xiaohongshu.com/api/sec/v1/sbtsource
[006910] 2026-08-22 23:59:31 - DEBUG - /home/runner/work/ghapi-action/ghapi-action/arxiv/xhs.py:145 - GET: https://fe-static.xhscdn.com/formula-static/ugc/public/resource/js/async/6026.aa379e87.js
[006910] 2026-08-22 23:59:31 - DEBUG - /home/runner/work/ghapi-action/ghapi-action/arxiv/xhs.py:145 - GET: https://fe-static.xhscdn.com/formula-static/ugc/public/resource/css/async/6119.4ca2f639.css
[006911] 2026-08-22 23:59:31 - DEBUG - /home/runner/work/ghapi-action/ghapi-action/arxiv/xhs.py:145 - GET: https://fe-static.xhscdn.com/formula-static/ugc/public/resource/js/async/6119.180b2cd7.js
[006911] 2026-08-22 23:59:31 - DEBUG - /home/runner/work/ghapi-action/ghapi-action/arxiv/xhs.py:145 - GET: https://fe-static.xhscdn.com/formula-static/ugc/public/resource/css/async/8831.398662f3.css
[006911] 2026-08-22 23:59:31 - DEBUG - /home/runner/work/ghapi-action/ghapi-action/arxiv/xhs.py:145 - GET: https://fe-static.xhscdn.com/formula-static/ugc/public/resource/js/async/8831.351917f5.js
[006912] 2026-08-22 23:59:31 - DEBUG - /home/runner/work/ghapi-action/ghapi-action/arxiv/xhs.py:148 - [200]: https://fe-static.xhscdn.com/formula-static/ugc/public/resource/css/async/6119.4ca2f639.css
[006912] 2026-08-22 23:59:31 - DEBUG - /home/runner/work/ghapi-action/ghapi-action/arxiv/xhs.py:148 - [200]: https://fe-static.xhscdn.com/formula-static/ugc/public/resource/css/async/8831.398662f3.css
[006914] 2026-08-22 23:59:31 - DEBUG - /home/runner/work/ghapi-action/ghapi-action/arxiv/xhs.py:148 - [200]: https://fe-video-qc.xhscdn.com/fe-platform-file/104101b831udegmhb2q06chlqrg9000000000018ckkuf4.js
[006915] 2026-08-22 23:59:31 - DEBUG - /home/runner/work/ghapi-action/ghapi-action/arxiv/xhs.py:148 - [200]: https://fe-static.xhscdn.com/formula-static/ugc/public/resource/js/async/1517.598998f7.js
[006917] 2026-08-22 23:59:31 - DEBUG - /home/runner/work/ghapi-action/ghapi-action/arxiv/xhs.py:148 - [200]: https://fe-static.xhscdn.com/formula-static/ugc/public/resource/js/async/8831.351917f5.js
[006918] 2026-08-22 23:59:31 - DEBUG - /home/runner/work/ghapi-action/ghapi-action/arxiv/xhs.py:148 - [200]: https://fe-static.xhscdn.com/formula-static/ugc/public/resource/js/async/6119.180b2cd7.js
[007081] 2026-08-22 23:59:31 - DEBUG - /home/runner/work/ghapi-action/ghapi-action/arxiv/xhs.py:148 - [200]: https://fe-static.xhscdn.com/formula-static/ugc/public/resource/js/async/6026.aa379e87.js
[007081] 2026-08-22 23:59:31 - DEBUG - /home/runner/work/ghapi-action/ghapi-action/arxiv/xhs.py:148 - [200]: https://as.xiaohongshu.com/api/p/pj
[007145] 2026-08-22 23:59:31 - DEBUG - /home/runner/work/ghapi-action/ghapi-action/arxiv/xhs.py:145 - GET: https://fe-static.xhscdn.com/formula-static/ugc/public/resource/image/background.bb565efc.png
[007145] 2026-08-22 23:59:31 - DEBUG - /home/runner/work/ghapi-action/ghapi-action/arxiv/xhs.py:148 - [200]: https://fe-static.xhscdn.com/formula-static/ugc/public/resource/image/background.bb565efc.png
[007168] 2026-08-22 23:59:31 - DEBUG - /home/runner/work/ghapi-action/ghapi-action/arxiv/xhs.py:145 - GET: https://customer.xiaohongshu.com/api/cas/customer/web/zones?service=https:%2F%2Fcreator.xiaohongshu.com
[007168] 2026-08-22 23:59:31 - DEBUG - /home/runner/work/ghapi-action/ghapi-action/arxiv/xhs.py:145 - POST: https://customer.xiaohongshu.com/api/cas/customer/web/service-ticket
[007187] 2026-08-22 23:59:31 - DEBUG - /home/runner/work/ghapi-action/ghapi-action/arxiv/xhs.py:145 - POST: https://apm-fe.xiaohongshu.com/api/data
[007195] 2026-08-22 23:59:31 - DEBUG - /home/runner/work/ghapi-action/ghapi-action/arxiv/xhs.py:145 - POST: https://apm-fe.xiaohongshu.com/api/data
[007198] 2026-08-22 23:59:31 - DEBUG - /home/runner/work/ghapi-action/ghapi-action/arxiv/xhs.py:145 - POST: https://apm-fe.xiaohongshu.com/api/data
[007199] 2026-08-22 23:59:31 - DEBUG - /home/runner/work/ghapi-action/ghapi-action/arxiv/xhs.py:145 - POST: https://apm-fe.xiaohongshu.com/api/data
[007201] 2026-08-22 23:59:31 - DEBUG - /home/runner/work/ghapi-action/ghapi-action/arxiv/xhs.py:145 - POST: https://apm-fe.xiaohongshu.com/api/data
[007201] 2026-08-22 23:59:31 - DEBUG - /home/runner/work/ghapi-action/ghapi-action/arxiv/xhs.py:145 - POST: https://apm-fe.xiaohongshu.com/api/data
[007201] 2026-08-22 23:59:31 - DEBUG - /home/runner/work/ghapi-action/ghapi-action/arxiv/xhs.py:145 - POST: https://apm-fe.xiaohongshu.com/api/data
[007206] 2026-08-22 23:59:31 - DEBUG - /home/runner/work/ghapi-action/ghapi-action/arxiv/xhs.py:145 - POST: https://apm-fe.xiaohongshu.com/api/data
[007207] 2026-08-22 23:59:31 - DEBUG - /home/runner/work/ghapi-action/ghapi-action/arxiv/xhs.py:145 - POST: https://apm-fe.xiaohongshu.com/api/data
[007208] 2026-08-22 23:59:31 - DEBUG - /home/runner/work/ghapi-action/ghapi-action/arxiv/xhs.py:145 - POST: https://apm-fe.xiaohongshu.com/api/data
[007250] 2026-08-22 23:59:31 - DEBUG - /home/runner/work/ghapi-action/ghapi-action/arxiv/xhs.py:148 - [200]: https://edith.xiaohongshu.com/api/redcaptcha/v2/getconfig
[007252] 2026-08-22 23:59:31 - DEBUG - /home/runner/work/ghapi-action/ghapi-action/arxiv/xhs.py:145 - GET: https://fe-static.xhscdn.com/formula-static/redcaptcha/captcha/2c764b8704b102c706b61a963dd0abbd.js
[007344] 2026-08-22 23:59:31 - DEBUG - /home/runner/work/ghapi-action/ghapi-action/arxiv/xhs.py:148 - [200]: https://as.xiaohongshu.com/api/sec/v1/sbtsource
[007345] 2026-08-22 23:59:31 - DEBUG - /home/runner/work/ghapi-action/ghapi-action/arxiv/xhs.py:145 - GET: https://fe-static.xhscdn.com/as/v1/3e44/public/bf7d4e32677698655a5cadc581fd09b3.js
[007349] 2026-08-22 23:59:31 - DEBUG - /home/runner/work/ghapi-action/ghapi-action/arxiv/xhs.py:145 - GET: https://fe-static.xhscdn.com/as/v1/f218/a15/public/04b29480233f4def5c875875b6bdc3b1.js
[007349] 2026-08-22 23:59:31 - DEBUG - /home/runner/work/ghapi-action/ghapi-action/arxiv/xhs.py:145 - GET: https://fe-static.xhscdn.com/as/v2/fp/a71d4e44a15a6c75bdf683e6aa05e37e.js
[007349] 2026-08-22 23:59:31 - DEBUG - /home/runner/work/ghapi-action/ghapi-action/arxiv/xhs.py:145 - POST: https://as.xiaohongshu.com/api/sec/v1/scripting
[007355] 2026-08-22 23:59:31 - DEBUG - /home/runner/work/ghapi-action/ghapi-action/arxiv/xhs.py:148 - [200]: https://as.xiaohongshu.com/api/sec/v1/scripting
[007357] 2026-08-22 23:59:31 - DEBUG - /home/runner/work/ghapi-action/ghapi-action/arxiv/xhs.py:145 - POST: https://apm-fe.xiaohongshu.com/api/data
[007360] 2026-08-22 23:59:31 - DEBUG - /home/runner/work/ghapi-action/ghapi-action/arxiv/xhs.py:148 - [200]: https://fe-static.xhscdn.com/formula-static/redcaptcha/captcha/2c764b8704b102c706b61a963dd0abbd.js
[007360] 2026-08-22 23:59:31 - DEBUG - /home/runner/work/ghapi-action/ghapi-action/arxiv/xhs.py:148 - [200]: https://fe-static.xhscdn.com/as/v2/fp/a71d4e44a15a6c75bdf683e6aa05e37e.js
[007399] 2026-08-22 23:59:31 - DEBUG - /home/runner/work/ghapi-action/ghapi-action/arxiv/xhs.py:148 - [200]: https://fe-static.xhscdn.com/as/v1/3e44/public/bf7d4e32677698655a5cadc581fd09b3.js
[007399] 2026-08-22 23:59:31 - DEBUG - /home/runner/work/ghapi-action/ghapi-action/arxiv/xhs.py:148 - [200]: https://fe-static.xhscdn.com/as/v1/f218/a15/public/04b29480233f4def5c875875b6bdc3b1.js
[007457] 2026-08-22 23:59:31 - DEBUG - /home/runner/work/ghapi-action/ghapi-action/arxiv/xhs.py:148 - [200]: https://apm-fe.xiaohongshu.com/api/data
[007458] 2026-08-22 23:59:31 - DEBUG - /home/runner/work/ghapi-action/ghapi-action/arxiv/xhs.py:148 - [200]: https://apm-fe.xiaohongshu.com/api/data
[007458] 2026-08-22 23:59:31 - DEBUG - /home/runner/work/ghapi-action/ghapi-action/arxiv/xhs.py:148 - [200]: https://apm-fe.xiaohongshu.com/api/data
[007576] 2026-08-22 23:59:31 - DEBUG - /home/runner/work/ghapi-action/ghapi-action/arxiv/xhs.py:148 - [200]: https://as.xiaohongshu.com/api/sec/v1/scripting
[007602] 2026-08-22 23:59:31 - DEBUG - /home/runner/work/ghapi-action/ghapi-action/arxiv/xhs.py:145 - POST: https://apm-fe.xiaohongshu.com/api/data
[007625] 2026-08-22 23:59:31 - DEBUG - /home/runner/work/ghapi-action/ghapi-action/arxiv/xhs.py:148 - [200]: https://apm-fe.xiaohongshu.com/api/data
[007629] 2026-08-22 23:59:31 - DEBUG - /home/runner/work/ghapi-action/ghapi-action/arxiv/xhs.py:148 - [200]: https://apm-fe.xiaohongshu.com/api/data
[007631] 2026-08-22 23:59:31 - DEBUG - /home/runner/work/ghapi-action/ghapi-action/arxiv/xhs.py:148 - [200]: https://apm-fe.xiaohongshu.com/api/data
[007635] 2026-08-22 23:59:31 - DEBUG - /home/runner/work/ghapi-action/ghapi-action/arxiv/xhs.py:148 - [200]: https://apm-fe.xiaohongshu.com/api/data
[007636] 2026-08-22 23:59:31 - DEBUG - /home/runner/work/ghapi-action/ghapi-action/arxiv/xhs.py:148 - [200]: https://apm-fe.xiaohongshu.com/api/data
[007639] 2026-08-22 23:59:31 - DEBUG - /home/runner/work/ghapi-action/ghapi-action/arxiv/xhs.py:148 - [200]: https://apm-fe.xiaohongshu.com/api/data
[007826] 2026-08-22 23:59:31 - DEBUG - /home/runner/work/ghapi-action/ghapi-action/arxiv/xhs.py:148 - [200]: https://customer.xiaohongshu.com/api/cas/customer/web/service-ticket
[007828] 2026-08-22 23:59:31 - DEBUG - /home/runner/work/ghapi-action/ghapi-action/arxiv/xhs.py:148 - [200]: https://customer.xiaohongshu.com/api/cas/customer/web/zones?service=https:%2F%2Fcreator.xiaohongshu.com
[007841] 2026-08-22 23:59:31 - DEBUG - /home/runner/work/ghapi-action/ghapi-action/arxiv/xhs.py:148 - [200]: https://apm-fe.xiaohongshu.com/api/data
[007841] 2026-08-22 23:59:31 - DEBUG - /home/runner/work/ghapi-action/ghapi-action/arxiv/xhs.py:148 - [200]: https://apm-fe.xiaohongshu.com/api/data
[008141] 2026-08-22 23:59:32 - DEBUG - /home/runner/work/ghapi-action/ghapi-action/arxiv/xhs.py:145 - GET: https://fe-video-qc.xhscdn.com/picasso-editor/61f51a6c21075bcfa52d4751404d72b37f4fc445.mp4_video_original_mp4
[008149] 2026-08-22 23:59:32 - DEBUG - /home/runner/work/ghapi-action/ghapi-action/arxiv/xhs.py:148 - [206]: https://fe-video-qc.xhscdn.com/picasso-editor/61f51a6c21075bcfa52d4751404d72b37f4fc445.mp4_video_original_mp4
[008213] 2026-08-22 23:59:32 - DEBUG - /home/runner/work/ghapi-action/ghapi-action/arxiv/xhs.py:145 - GET: https://fe-video-qc.xhscdn.com/picasso-editor/f714d38ae9cba0b253cb1d22c1c3816d1c0e58e5.mp4_video_original_mp4
[008221] 2026-08-22 23:59:32 - DEBUG - /home/runner/work/ghapi-action/ghapi-action/arxiv/xhs.py:148 - [206]: https://fe-video-qc.xhscdn.com/picasso-editor/f714d38ae9cba0b253cb1d22c1c3816d1c0e58e5.mp4_video_original_mp4
[008349] 2026-08-22 23:59:32 - DEBUG - /home/runner/work/ghapi-action/ghapi-action/arxiv/xhs.py:145 - GET: https://fe-video-qc.xhscdn.com/picasso-editor/a00472903313b9a87fedd3a69a854e37c6037a8a.mp4_video_original_mp4
[008353] 2026-08-22 23:59:32 - DEBUG - /home/runner/work/ghapi-action/ghapi-action/arxiv/xhs.py:148 - [206]: https://fe-video-qc.xhscdn.com/picasso-editor/a00472903313b9a87fedd3a69a854e37c6037a8a.mp4_video_original_mp4
[008464] 2026-08-22 23:59:32 - DEBUG - /home/runner/work/ghapi-action/ghapi-action/arxiv/xhs.py:145 - GET: chrome-extension://invalid/
[008465] 2026-08-22 23:59:32 - DEBUG - /home/runner/work/ghapi-action/ghapi-action/arxiv/xhs.py:145 - GET: chrome-extension://invalid/
[008465] 2026-08-22 23:59:32 - DEBUG - /home/runner/work/ghapi-action/ghapi-action/arxiv/xhs.py:145 - GET: chrome-extension://invalid/
[008466] 2026-08-22 23:59:32 - DEBUG - /home/runner/work/ghapi-action/ghapi-action/arxiv/xhs.py:145 - GET: chrome-extension://invalid/
[008466] 2026-08-22 23:59:32 - DEBUG - /home/runner/work/ghapi-action/ghapi-action/arxiv/xhs.py:145 - GET: chrome-extension://invalid/
[008466] 2026-08-22 23:59:32 - DEBUG - /home/runner/work/ghapi-action/ghapi-action/arxiv/xhs.py:145 - GET: chrome-extension://invalid/
[008468] 2026-08-22 23:59:32 - DEBUG - /home/runner/work/ghapi-action/ghapi-action/arxiv/xhs.py:145 - GET: chrome-extension://invalid/
[008468] 2026-08-22 23:59:32 - DEBUG - /home/runner/work/ghapi-action/ghapi-action/arxiv/xhs.py:145 - GET: chrome-extension://invalid/
[008586] 2026-08-22 23:59:32 - DEBUG - /home/runner/work/ghapi-action/ghapi-action/arxiv/xhs.py:145 - GET: https://fe-video-qc.xhscdn.com/picasso-editor/c2eb6f3a166720cb47d75d82ce9baf252d4e966b.mp4_video_original_mp4
[008587] 2026-08-22 23:59:32 - DEBUG - /home/runner/work/ghapi-action/ghapi-action/arxiv/xhs.py:145 - GET: https://fe-video-qc.xhscdn.com/picasso-editor/1bc37eeafdc71585d23f2550f7eba8cf90497edf.mp4_video_original_mp4
[008587] 2026-08-22 23:59:32 - DEBUG - /home/runner/work/ghapi-action/ghapi-action/arxiv/xhs.py:145 - GET: https://fe-video-qc.xhscdn.com/picasso-editor/f1dbcdb3e3dae24e5b04a39512c7eb6c5ef202c2.mp4_video_original_mp4
[008590] 2026-08-22 23:59:32 - DEBUG - /home/runner/work/ghapi-action/ghapi-action/arxiv/xhs.py:148 - [206]: https://fe-video-qc.xhscdn.com/picasso-editor/c2eb6f3a166720cb47d75d82ce9baf252d4e966b.mp4_video_original_mp4
[008590] 2026-08-22 23:59:32 - DEBUG - /home/runner/work/ghapi-action/ghapi-action/arxiv/xhs.py:148 - [206]: https://fe-video-qc.xhscdn.com/picasso-editor/1bc37eeafdc71585d23f2550f7eba8cf90497edf.mp4_video_original_mp4
[008594] 2026-08-22 23:59:32 - DEBUG - /home/runner/work/ghapi-action/ghapi-action/arxiv/xhs.py:148 - [206]: https://fe-video-qc.xhscdn.com/picasso-editor/f1dbcdb3e3dae24e5b04a39512c7eb6c5ef202c2.mp4_video_original_mp4
[008625] 2026-08-22 23:59:32 - DEBUG - /home/runner/work/ghapi-action/ghapi-action/arxiv/xhs.py:145 - GET: https://fe-video-qc.xhscdn.com/picasso-editor/e127c2e0619048e7bfa67ce15162a54ff1d5bcd4.mp4_video_original_mp4
[008636] 2026-08-22 23:59:32 - DEBUG - /home/runner/work/ghapi-action/ghapi-action/arxiv/xhs.py:148 - [206]: https://fe-video-qc.xhscdn.com/picasso-editor/e127c2e0619048e7bfa67ce15162a54ff1d5bcd4.mp4_video_original_mp4
[010232] 2026-08-22 23:59:34 - DEBUG - /home/runner/work/ghapi-action/ghapi-action/arxiv/xhs.py:145 - GET: https://fe-platform.xhscdn.com/platform/104101l031udehquhiq06chlqrg900000000001asvebiq.png
[010232] 2026-08-22 23:59:34 - DEBUG - /home/runner/work/ghapi-action/ghapi-action/arxiv/xhs.py:145 - GET: https://fe-platform.xhscdn.com/platform/104101l031udehquhiq06chlqrg900000000001asvebiq.png
[010232] 2026-08-22 23:59:34 - DEBUG - /home/runner/work/ghapi-action/ghapi-action/arxiv/xhs.py:145 - GET: https://fe-platform.xhscdn.com/platform/104101l031udehquhiq06chlqrg900000000001asvebiq.png
[010444] 2026-08-22 23:59:34 - DEBUG - /home/runner/work/ghapi-action/ghapi-action/arxiv/xhs.py:145 - POST: https://as.xiaohongshu.com/api/sec/v1/shield/webprofile
[011091] 2026-08-22 23:59:35 - DEBUG - /home/runner/work/ghapi-action/ghapi-action/arxiv/xhs.py:148 - [200]: https://as.xiaohongshu.com/api/sec/v1/shield/webprofile
[011093] 2026-08-22 23:59:35 - DEBUG - /home/runner/work/ghapi-action/ghapi-action/arxiv/xhs.py:145 - POST: https://apm-fe.xiaohongshu.com/api/data
[011151] 2026-08-22 23:59:35 - DEBUG - /home/runner/work/ghapi-action/ghapi-action/arxiv/xhs.py:148 - [200]: https://fe-platform.xhscdn.com/platform/104101l031udehquhiq06chlqrg900000000001asvebiq.png
[011152] 2026-08-22 23:59:35 - DEBUG - /home/runner/work/ghapi-action/ghapi-action/arxiv/xhs.py:148 - [200]: https://fe-platform.xhscdn.com/platform/104101l031udehquhiq06chlqrg900000000001asvebiq.png
[011398] 2026-08-22 23:59:35 - DEBUG - /home/runner/work/ghapi-action/ghapi-action/arxiv/xhs.py:148 - [200]: https://fe-platform.xhscdn.com/platform/104101l031udehquhiq06chlqrg900000000001asvebiq.png
[011534] 2026-08-22 23:59:35 - DEBUG - /home/runner/work/ghapi-action/ghapi-action/arxiv/xhs.py:148 - [200]: https://apm-fe.xiaohongshu.com/api/data
[013457] 2026-08-22 23:59:37 - DEBUG - /home/runner/work/ghapi-action/ghapi-action/arxiv/xhs.py:145 - POST: https://apm-fe.xiaohongshu.com/api/data
[013686] 2026-08-22 23:59:37 - DEBUG - /home/runner/work/ghapi-action/ghapi-action/arxiv/xhs.py:148 - [200]: https://apm-fe.xiaohongshu.com/api/data
[019830] 2026-08-22 23:59:43 - DEBUG - /home/runner/work/ghapi-action/ghapi-action/arxiv/xhs.py:145 - POST: https://as.xiaohongshu.com/api/sec/v1/shield/webprofile
[020301] 2026-08-22 23:59:44 - DEBUG - /home/runner/work/ghapi-action/ghapi-action/arxiv/xhs.py:148 - [200]: https://as.xiaohongshu.com/api/sec/v1/shield/webprofile
[025318] 2026-08-22 23:59:49 - DEBUG - /home/runner/work/ghapi-action/ghapi-action/arxiv/xhs.py:145 - POST: https://apm-fe.xiaohongshu.com/api/data
[025764] 2026-08-22 23:59:49 - DEBUG - /home/runner/work/ghapi-action/ghapi-action/arxiv/xhs.py:148 - [200]: https://apm-fe.xiaohongshu.com/api/data
[034388] 2026-08-22 23:59:58 - ERROR - /home/runner/work/ghapi-action/ghapi-action/arxiv/xhs.py:227 - publish failed.
Traceback (most recent call last):
  File "/home/runner/work/ghapi-action/ghapi-action/arxiv/xhs.py", line 224, in main
    publish_hf_paper(page)
  File "/home/runner/work/ghapi-action/ghapi-action/arxiv/xhs.py", line 173, in publish_hf_paper
    box = upload_image_btn.bounding_box()
          ^^^^^^^^^^^^^^^^^^^^^^^^^^^^^^^
  File "/opt/hostedtoolcache/Python/3.12.14/x64/lib/python3.12/site-packages/playwright/sync_api/_generated.py", line 17711, in bounding_box
    self._sync(self._impl_obj.bounding_box(timeout=to_milliseconds(timeout)))
  File "/opt/hostedtoolcache/Python/3.12.14/x64/lib/python3.12/site-packages/playwright/_impl/_sync_base.py", line 115, in _sync
    return task.result()
           ^^^^^^^^^^^^^
  File "/opt/hostedtoolcache/Python/3.12.14/x64/lib/python3.12/site-packages/playwright/_impl/_locator.py", line 133, in bounding_box
    return await self._with_element(
           ^^^^^^^^^^^^^^^^^^^^^^^^^
  File "/opt/hostedtoolcache/Python/3.12.14/x64/lib/python3.12/site-packages/playwright/_impl/_locator.py", line 114, in _with_element
    handle = await self.element_handle(timeout=timeout)
             ^^^^^^^^^^^^^^^^^^^^^^^^^^^^^^^^^^^^^^^^^^
  File "/opt/hostedtoolcache/Python/3.12.14/x64/lib/python3.12/site-packages/playwright/_impl/_locator.py", line 325, in element_handle
    handle = await self._frame.wait_for_selector(
             ^^^^^^^^^^^^^^^^^^^^^^^^^^^^^^^^^^^^
  File "/opt/hostedtoolcache/Python/3.12.14/x64/lib/python3.12/site-packages/playwright/_impl/_frame.py", line 394, in wait_for_selector
    await self._channel.send(
  File "/opt/hostedtoolcache/Python/3.12.14/x64/lib/python3.12/site-packages/playwright/_impl/_connection.py", line 76, in send
    return await self._connection.wrap_api_call(
           ^^^^^^^^^^^^^^^^^^^^^^^^^^^^^^^^^^^^^
  File "/opt/hostedtoolcache/Python/3.12.14/x64/lib/python3.12/site-packages/playwright/_impl/_connection.py", line 632, in wrap_api_call
    raise rewrite_error(error, f"{parsed_st['apiName']}: {error}") from None
playwright._impl._errors.TimeoutError: Locator.bounding_box: Timeout 30000ms exceeded.
Call log:
  - waiting for get_by_text("上传图文").last
    - waiting for "https://creator.xiaohongshu.com/login?source=&redirectReason=401&lastUrl=%252Fcreator%252Fhome" navigation to finish...
    - navigated to "https://creator.xiaohongshu.com/login?lastUrl=%252Fcreator%252Fhome&redirectReason=401"
    - waiting for "https://creator.xiaohongshu.com/login?source=&redirectReason=401&lastUrl=%252Fcreator%252Fhome" navigation to finish...
    - navigated to "https://creator.xiaohongshu.com/login?source=&redirectReason=401&lastUrl=%252Fcreator%252Fhome"

[034530] 2026-08-22 23:59:58 - DEBUG - /home/runner/work/ghapi-action/ghapi-action/arxiv/xhs.py:236 - publish done.
